======================================================================
CellxGene Harvester - 5 Count Normal Cells
======================================================================
Started : 2026-05-09 13:56:27
Log file: data/homo_sapiens_retina_harvester_with_normal_counts.log
Command : python /Users/adeslatt/miniforge3/envs/cellxgene/bin/cellxgene-harvester count-normal-cells --uberon data/uberon_retina.json --disease data/disease_normal.json --hsapdv data/hsapdv_adult_15.json data/homo_sapiens_retina_harvester.csv

UBERON file  : data/uberon_retina.json
Disease file : data/disease_normal.json
HsapDv file  : data/hsapdv_adult_15.json
Output       : data/homo_sapiens_retina_harvester_with_normal_counts.csv

  Loaded UBERON JSON : data/uberon_retina.json
  Root terms          : retina
  Total obo_ids       : 54
  Loaded disease JSON : data/disease_normal.json
  Root terms          : normal
  Total obo_ids       : 1
  Loaded HsapDv JSON : data/hsapdv_adult_15.json
  Root terms          : 15-year-old stage, prime adult stage, adult stage, young adult stage, 15-19 year-old
  Total obo_ids       : 119

Starting fresh: data/homo_sapiens_retina_harvester.csv (47 datasets)
Already processed: 0 / 47

Opening Census connection (once for all datasets)...
Census connection open


[1/47] ed419b4e-db9b-40f1-8593-68fdf8dfb076
  Liang (2023.0) - Cell Genomics
    Querying Census (server-side filtered)...
    Census returned 18,011 cells (tissue+disease filtered)
  [age filter (HsapDv IDs)]
    Before :   18,011 cells
    After  :   18,011 cells
    Removed:        0 cells  (0.0%)
  SUCCESS: 18,011 normal cells

[2/47] aad97cb5-f375-45ef-ae9d-178e7f5d5180
  Liang (2023.0) - Cell Genomics
    Querying Census (server-side filtered)...
    Census returned 11,617 cells (tissue+disease filtered)
  [age filter (HsapDv IDs)]
    Before :   11,617 cells
    After  :   11,617 cells
    Removed:        0 cells  (0.0%)
  SUCCESS: 11,617 normal cells

[3/47] 8f10185b-e0b3-46a5-8706-7f1799225d79
  Liang (2023.0) - Cell Genomics
    Querying Census (server-side filtered)...
    Census returned 53,040 cells (tissue+disease filtered)
  [age filter (HsapDv IDs)]
    Before :   53,040 cells
    After  :   53,040 cells
    Removed:        0 cells  (0.0%)
  SUCCESS: 53,040 normal cells

[4/47] 359f7af4-87d4-4117-9d6c-ca4cfa1f3f0b
  Liang (2023.0) - Cell Genomics
    Querying Census (server-side filtered)...
    Census returned 56,507 cells (tissue+disease filtered)
  [age filter (HsapDv IDs)]
    Before :   56,507 cells
    After  :   56,507 cells
    Removed:        0 cells  (0.0%)
  SUCCESS: 56,507 normal cells

[5/47] 11ef37ee-2173-458e-aab8-7fe35da8e47b
  Liang (2023.0) - Cell Genomics
    Querying Census (server-side filtered)...
    Census returned 7,348 cells (tissue+disease filtered)
  [age filter (HsapDv IDs)]
    Before :    7,348 cells
    After  :    7,348 cells
    Removed:        0 cells  (0.0%)
  SUCCESS: 7,348 normal cells

[6/47] 0129dbd9-a7d3-4f6b-96b9-1da155a93748
  Liang (2023.0) - Cell Genomics
    Querying Census (server-side filtered)...
    Census returned 244,474 cells (tissue+disease filtered)
  [age filter (HsapDv IDs)]
    Before :  244,474 cells
    After  :  244,474 cells
    Removed:        0 cells  (0.0%)
  SUCCESS: 244,474 normal cells

[7/47] 00e5dedd-b9b7-43be-8c28-b0e5c6414a62
  Liang (2023.0) - Cell Genomics
    Querying Census (server-side filtered)...
    Census returned 21,422 cells (tissue+disease filtered)
  [age filter (HsapDv IDs)]
    Before :   21,422 cells
    After  :   21,422 cells
    Removed:        0 cells  (0.0%)
  SUCCESS: 21,422 normal cells

[8/47] 9f1a899f-05a0-44c5-8aa9-39df61ae4324
  Monavarfeshani (2023.0) - Proc. Natl. Acad. Sci. U.S.A.
    Querying Census (server-side filtered)...
    Census returned 77,300 cells (tissue+disease filtered)
  [age filter (HsapDv IDs)]
    Before :   77,300 cells
    After  :   77,300 cells
    Removed:        0 cells  (0.0%)
  SUCCESS: 77,300 normal cells

[9/47] f8c77961-67a7-4161-b8c2-61c3f917b54f
  Orozco (2020.0) - Cell Reports
    Querying Census (server-side filtered)...
    Census returned 6,101 cells (tissue+disease filtered)
  [age filter (HsapDv IDs)]
    Before :    6,101 cells
    After  :    6,101 cells
    Removed:        0 cells  (0.0%)
  SUCCESS: 6,101 normal cells

[10/47] e6dad530-418b-47f9-af6e-472e56a7b314
  Orozco (2020.0) - Cell Reports
    Querying Census (server-side filtered)...
    Census returned 100,055 cells (tissue+disease filtered)
  [age filter (HsapDv IDs)]
    Before :  100,055 cells
    After  :  100,055 cells
    Removed:        0 cells  (0.0%)
  SUCCESS: 100,055 normal cells

[11/47] de17ac25-550a-4018-be75-bbb485a0636e
  Orozco (2020.0) - Cell Reports
    Querying Census (server-side filtered)...
    Census returned 395 cells (tissue+disease filtered)
  [age filter (HsapDv IDs)]
    Before :      395 cells
    After  :      395 cells
    Removed:        0 cells  (0.0%)
  SUCCESS: 395 normal cells

[12/47] d95ab381-2b7c-4885-b168-0097ed4e397f
  Orozco (2020.0) - Cell Reports
    Querying Census (server-side filtered)...
    Census returned 1,378 cells (tissue+disease filtered)
  [age filter (HsapDv IDs)]
    Before :    1,378 cells
    After  :    1,378 cells
    Removed:        0 cells  (0.0%)
  SUCCESS: 1,378 normal cells

[13/47] cec9f9a5-8832-437d-99af-fb8237cde54b
  Orozco (2020.0) - Cell Reports
    Querying Census (server-side filtered)...
    Census returned 1,777 cells (tissue+disease filtered)
  [age filter (HsapDv IDs)]
    Before :    1,777 cells
    After  :    1,777 cells
    Removed:        0 cells  (0.0%)
  SUCCESS: 1,777 normal cells

[14/47] c3d381b2-3104-444e-8ad5-d3524407bbb6
  Orozco (2020.0) - Cell Reports
    Querying Census (server-side filtered)...
    Census returned 1,875 cells (tissue+disease filtered)
  [age filter (HsapDv IDs)]
    Before :    1,875 cells
    After  :    1,875 cells
    Removed:        0 cells  (0.0%)
  SUCCESS: 1,875 normal cells

[15/47] ab5b2256-b209-48b5-a801-c5d9a8c0de56
  Orozco (2020.0) - Cell Reports
    Querying Census (server-side filtered)...
    Census returned 8,193 cells (tissue+disease filtered)
  [age filter (HsapDv IDs)]
    Before :    8,193 cells
    After  :    8,193 cells
    Removed:        0 cells  (0.0%)
  SUCCESS: 8,193 normal cells

[16/47] 9cfee1e6-b24f-433d-a269-f01841655d6a
  Orozco (2020.0) - Cell Reports
    Querying Census (server-side filtered)...
    Census returned 1,635 cells (tissue+disease filtered)
  [age filter (HsapDv IDs)]
    Before :    1,635 cells
    After  :    1,635 cells
    Removed:        0 cells  (0.0%)
  SUCCESS: 1,635 normal cells

[17/47] 4e38f019-f8e8-44ae-ad32-ba500de6f64c
  Orozco (2020.0) - Cell Reports
    Querying Census (server-side filtered)...
    Census returned 16,540 cells (tissue+disease filtered)
  [age filter (HsapDv IDs)]
    Before :   16,540 cells
    After  :   16,540 cells
    Removed:        0 cells  (0.0%)
  SUCCESS: 16,540 normal cells

[18/47] 389bfbb9-8ef1-4582-8c41-410131c3d0eb
  Orozco (2020.0) - Cell Reports
    Querying Census (server-side filtered)...
    Census returned 62,509 cells (tissue+disease filtered)
  [age filter (HsapDv IDs)]
    Before :   62,509 cells
    After  :   62,509 cells
    Removed:        0 cells  (0.0%)
  SUCCESS: 62,509 normal cells

[19/47] 856c1b98-5727-49da-bf0f-151bdb8cb056
  Menon (2019.0) - Nat Commun
    Querying Census (server-side filtered)...
    Census returned 20,091 cells (tissue+disease filtered)
  [age filter (HsapDv IDs)]
    Before :   20,091 cells
    After  :   20,091 cells
    Removed:        0 cells  (0.0%)
  SUCCESS: 20,091 normal cells

[20/47] 322c816f-608a-4da1-99c4-36ca4ad45146
  Wang (2022.0) - Cell Genomics
    Querying Census (server-side filtered)...
    Census returned 51,645 cells (tissue+disease filtered)
  [age filter (HsapDv IDs)]
    Before :   51,645 cells
    After  :   51,645 cells
    Removed:        0 cells  (0.0%)
  SUCCESS: 51,645 normal cells

[21/47] c5d88abe-f23a-45fa-a534-788985e93dad
  nan (2022.0) - Science
    Querying Census (server-side filtered)...
    Census returned 40 cells (tissue+disease filtered)
  [age filter (HsapDv IDs)]
    Before :       40 cells
    After  :       40 cells
    Removed:        0 cells  (0.0%)
  SUCCESS: 40 normal cells

[22/47] a68b64d8-aee3-4947-81b7-36b8fe5a44d2
  nan (2022.0) - Science
    Querying Census (server-side filtered)...
    Census returned 331 cells (tissue+disease filtered)
  [age filter (HsapDv IDs)]
    Before :      331 cells
    After  :      331 cells
    Removed:        0 cells  (0.0%)
  SUCCESS: 331 normal cells

[23/47] a0754256-f44b-4c4a-962c-a552e47d3fdc
  nan (2022.0) - Science
    Querying Census (server-side filtered)...
    Census returned 721 cells (tissue+disease filtered)
  [age filter (HsapDv IDs)]
    Before :      721 cells
    After  :      721 cells
    Removed:        0 cells  (0.0%)
  SUCCESS: 721 normal cells

[24/47] 6e4acdae-59ef-452b-a6d4-260cba368586
  nan (2022.0) - Science
    Querying Census (server-side filtered)...
    Census returned 350 cells (tissue+disease filtered)
  [age filter (HsapDv IDs)]
    Before :      350 cells
    After  :      350 cells
    Removed:        0 cells  (0.0%)
  SUCCESS: 350 normal cells

[25/47] 53d208b0-2cfd-4366-9866-c3c6114081bc
  nan (2022.0) - Science
    Querying Census (server-side filtered)...
    Census returned 721 cells (tissue+disease filtered)
  [age filter (HsapDv IDs)]
    Before :      721 cells
    After  :      721 cells
    Removed:        0 cells  (0.0%)
  SUCCESS: 721 normal cells

[26/47] d5c67a4e-a8d9-456d-a273-fa01adb1b308
  Lukowski (2019.0) - EMBO J
    Querying Census (server-side filtered)...
    Census returned 17,884 cells (tissue+disease filtered)
  [age filter (HsapDv IDs)]
    Before :   17,884 cells
    After  :   17,884 cells
    Removed:        0 cells  (0.0%)
  SUCCESS: 17,884 normal cells

[27/47] e404d417-56e4-40a5-b3c6-69e9f92d8cbd
  Li (2026.0) - Nat Genet
    Querying Census (server-side filtered)...
    Census returned 20,587 cells (tissue+disease filtered)
  [age filter (HsapDv IDs)]
    Before :   20,587 cells
    After  :   20,587 cells
    Removed:        0 cells  (0.0%)
  SUCCESS: 20,587 normal cells

[28/47] d6505c89-c43d-4c28-8c4f-7351a5fd5528
  Li (2026.0) - Nat Genet
    Querying Census (server-side filtered)...
